// Jest Snapshot v1, https://goo.gl/fbAQLP

exports[`renders the default date component 1`] = `
<div>
  <fieldset
    class="usa-fieldset"
    data-testid="fieldset"
  >
    <legend
      class="usa-legend"
    >
      <div>
        Date of Birth
      </div>
    </legend>
    <div
      class="usa-memorable-date"
      data-testid="dateInputGroup"
    >
      <div
        class="usa-form-group usa-form-group--month"
        data-testid="formGroup"
      >
        <label
          class="usa-label"
          data-testid="label"
          for="date-example.month"
        >
          Month
        </label>
        <input
          class="usa-input"
          data-testid="textInput"
          id="date-example.month"
          name="date-example.month"
          size="2"
          type="text"
          value=""
        />
      </div>
      <div
        class="usa-form-group usa-form-group--day"
        data-testid="formGroup"
      >
        <label
          class="usa-label"
          data-testid="label"
          for="date-example.day"
        >
          Day
        </label>
        <input
          class="usa-input"
          data-testid="textInput"
          id="date-example.day"
          name="date-example.day"
          size="2"
          type="text"
          value=""
        />
      </div>
      <div
        class="usa-form-group usa-form-group--year"
        data-testid="formGroup"
      >
        <label
          class="usa-label"
          data-testid="label"
          for="date-example.year"
        >
          Year
        </label>
        <input
          class="usa-input"
          data-testid="textInput"
          id="date-example.year"
          name="date-example.year"
          size="4"
          type="text"
          value=""
        />
      </div>
    </div>
  </fieldset>
</div>
`;
