// Jest Snapshot v1, https://goo.gl/fbAQLP

exports[`renders a file uploader 1`] = `
<div>
  <div
    class="usa-form-group"
    data-testid="formGroup"
  >
    <label
      class="usa-label"
      data-testid="label"
      for="file-uploader-story"
    >
      Document 1
    </label>
    <div
      class="usa-file-input"
      data-testid="file-input"
    >
      <div
        class="usa-file-input__target border-dashed border-blue border-05"
        data-testid="file-input-droptarget"
      >
        <div
          aria-hidden="true"
          class="usa-file-input__instructions"
          data-testid="file-input-instructions"
        >
          <span
            class="usa-file-input__choose text-bold"
          >
            Choose or drag a file to upload
          </span>
        </div>
        <div
          class="usa-file-input__box"
          data-testid="file-input-box"
        />
        <input
          accept="image/*,.pdf"
          class="usa-file-input__input"
          data-testid="file-input-input"
          draggable="true"
          id="file-uploader-story"
          name="file-uploader-story"
          title=""
          type="file"
          value=""
        />
      </div>
    </div>
    <noscript />
  </div>
</div>
`;
