// Jest Snapshot v1, https://goo.gl/fbAQLP

exports[`renders the default adjunctive eligibility field 1`] = `
<div>
  <fieldset
    class="usa-fieldset"
    data-testid="fieldset"
  >
    <legend
      class="usa-legend"
    >
      <div>
        Relationship to you
      </div>
    </legend>
    <div
      class="usa-radio"
      data-testid="radio"
    >
      <input
        class="usa-radio__input"
        id="relationship-self"
        name="relationship"
        type="radio"
        value="self"
      />
      <label
        class="usa-radio__label"
        for="relationship-self"
      >
        Self
      </label>
    </div>
    <div
      class="usa-radio"
      data-testid="radio"
    >
      <input
        class="usa-radio__input"
        id="relationship-child"
        name="relationship"
        type="radio"
        value="child"
      />
      <label
        class="usa-radio__label"
        for="relationship-child"
      >
        Child
      </label>
    </div>
    <div
      class="usa-radio"
      data-testid="radio"
    >
      <input
        class="usa-radio__input"
        id="relationship-grandchild"
        name="relationship"
        type="radio"
        value="grandchild"
      />
      <label
        class="usa-radio__label"
        for="relationship-grandchild"
      >
        Grandchild
      </label>
    </div>
    <div
      class="usa-radio"
      data-testid="radio"
    >
      <input
        class="usa-radio__input"
        id="relationship-foster"
        name="relationship"
        type="radio"
        value="foster"
      />
      <label
        class="usa-radio__label"
        for="relationship-foster"
      >
        Foster child
      </label>
    </div>
    <div
      class="usa-radio"
      data-testid="radio"
    >
      <input
        class="usa-radio__input"
        id="relationship-other"
        name="relationship"
        type="radio"
        value="other"
      />
      <label
        class="usa-radio__label"
        for="relationship-other"
      >
        Other
      </label>
    </div>
  </fieldset>
</div>
`;
